// Jest Snapshot v1, https://goo.gl/fbAQLP

exports[`renders correctly 1`] = `
<DocumentFragment>
  .c6 {
  cursor: pointer;
  margin-top: 15px;
  padding: 5px;
  text-align: center;
  width: 100%;
}

.c6:hover {
  color: grey;
}

.c3 {
  height: 5px;
  padding: 5px;
}

.c4 {
  background: none;
  border: none;
  height: 100%;
}

.c5 {
  border: 1px solid silver;
  margin: 0 5px;
  padding: 15px 20px;
}

.c5:hover {
  background-color: whitesmoke;
}

.c0 {
  border: 1px solid grey;
}

.c1 {
  background-color: #FFF;
  font-size: 15px;
  margin: 0;
  padding: 10px;
}

.c2 {
  border-top: 1px solid grey;
}

<div
    class="c0"
    id="abc-123"
  >
    <h3
      class="c1"
    >
      xyz
    </h3>
    <div
      class="c2"
    >
      <div
        class="c3"
        data-testid="move-card-handler"
      >
        <div
          class="c4"
        />
      </div>
      <div>
        <div
          class="c5"
          data-testid="card"
          id="123-abc"
        >
          content
          <button
            class="c6"
            data-testid="remove-card-handler"
          >
            - remove card
          </button>
        </div>
        <div
          class="c3"
          data-testid="move-card-handler"
        >
          <div
            class="c4"
          />
        </div>
      </div>
    </div>
  </div>
</DocumentFragment>
`;
