// Jest Snapshot v1, https://goo.gl/fbAQLP

exports[`renders correctly 1`] = `
<DocumentFragment>
  .c0 {
  cursor: pointer;
  margin-bottom: 10px;
  padding: 5px;
}

.c0:hover {
  background-color: grey;
}

<div
    class="c0"
    data-testid="card"
    id="abc-123"
  >
    child
  </div>
</DocumentFragment>
`;
