// Jest Snapshot v1, https://goo.gl/fbAQLP

exports[`renders correctly 1`] = `
<DocumentFragment>
  .c0 {
  border: 1px solid silver;
  cursor: pointer;
  margin: 5px;
  padding: 15px 20px;
}

.c0:hover {
  background-color: whitesmoke;
}

.c1 {
  cursor: pointer;
  margin-top: 15px;
  padding: 5px;
  text-align: center;
  width: 100%;
}

.c1:hover {
  color: grey;
}

<div
    class="c0"
    data-testid="card"
    id="abc-123"
  >
    child
    <button
      class="c1"
      data-testid="remove-card-handler"
    >
      - remove card
    </button>
  </div>
</DocumentFragment>
`;
